
AI201 environment check
------------------------------------------------------------
[PASS] Python version
         3.11.13 on Linux
[PASS] Virtual environment
         /home/leo/Classes/fall_2026/CodePath_AI201/ai201-project1-unofficial-guide-starter-v2026/.venv
[PASS] Pinned packages
         all 7 import cleanly
[PASS] Free disk space
         501.8 GB
[PASS] Memory
         7.4 GB
[PASS] Key hygiene
         .env is ignored by git
[PASS] API key
         loaded, 53 characters
[ .. ] Embedding model — first run downloads ~80 MB, this is the slow part
[PASS] Embedding model
         all-MiniLM-L6-v2 loaded, 384-dim vectors
[PASS] Vector store
         Chroma round trip on a cosine collection
[PASS] Model call
         gemini-3.5-flash-lite replied "Ready."
------------------------------------------------------------
10 passed, 0 failed, 0 to look at, 0 skipped

You're set. See you in class.

